// Jest Snapshot v1, https://goo.gl/fbAQLP

exports[`Users Tests listUsers 1`] = `20`;

exports[`Users Tests listUsers 2`] = `0`;

exports[`Users Tests listUsers 3`] = `3`;

exports[`Users Tests listUsers 4`] = `
Array [
  Object {
    "canBeDeleted": true,
    "email": "hattie_hoeger@yahoo.com",
    "needNewPassword": false,
    "tenantId": "00000000-0000-0000-0000-000000000000",
    "userId": "48234870-5389-445f-8b41-c61a52bf27dc",
    "userName": "patrick36",
  },
  Object {
    "canBeDeleted": true,
    "email": "brandon_johns@yahoo.com",
    "needNewPassword": false,
    "tenantId": "00000000-0000-0000-0000-000000000000",
    "userId": "5374da67-7226-4d3e-8ed9-2ffe6d8b8b0d",
    "userName": "mose_morissette16",
  },
  Object {
    "canBeDeleted": true,
    "email": "evan.lang1@gmail.com",
    "needNewPassword": false,
    "tenantId": "00000000-0000-0000-0000-000000000000",
    "userId": "c0a5d0cc-f50b-487a-bbd8-949dfb4d0419",
    "userName": "trevor_gorczany49",
  },
]
`;

exports[`Users Tests listUsers 5`] = `20`;

exports[`Users Tests listUsers 6`] = `3`;

exports[`Users Tests listUsers 7`] = `3`;

exports[`Users Tests listUsers 8`] = `
Array [
  Object {
    "canBeDeleted": true,
    "email": "pearlie.pollich@gmail.com",
    "needNewPassword": false,
    "tenantId": "00000000-0000-0000-0000-000000000000",
    "userId": "cea83ca7-ea28-4ec5-9bd4-48f2b777a6ec",
    "userName": "jaylon_kulas",
  },
  Object {
    "canBeDeleted": true,
    "email": "darren_quitzon93@yahoo.com",
    "needNewPassword": false,
    "tenantId": "00000000-0000-0000-0000-000000000000",
    "userId": "5b9e7637-aefa-4780-b4f8-82c834666f8c",
    "userName": "brain_emmerich2",
  },
  Object {
    "canBeDeleted": true,
    "email": "abdiel_feil@gmail.com",
    "needNewPassword": false,
    "tenantId": "00000000-0000-0000-0000-000000000000",
    "userId": "9165d0fa-4b6c-4b35-b065-77305edb7c21",
    "userName": "ursula.bashirian29",
  },
]
`;

exports[`Users Tests listUsers 9`] = `20`;

exports[`Users Tests listUsers 10`] = `6`;

exports[`Users Tests listUsers 11`] = `3`;

exports[`Users Tests listUsers 12`] = `
Array [
  Object {
    "canBeDeleted": true,
    "email": "fidel.stamm60@gmail.com",
    "needNewPassword": false,
    "tenantId": "00000000-0000-0000-0000-000000000000",
    "userId": "75e7932d-2f50-4631-8a10-7b5a50ccd5bc",
    "userName": "kennedi_harvey16",
  },
  Object {
    "canBeDeleted": true,
    "email": "hermina_dubuque@gmail.com",
    "needNewPassword": false,
    "tenantId": "00000000-0000-0000-0000-000000000000",
    "userId": "c99ee830-d19f-497d-a1ab-968eeaeb40bc",
    "userName": "jazmyn67",
  },
  Object {
    "canBeDeleted": true,
    "email": "alvis.wehner@yahoo.com",
    "needNewPassword": false,
    "tenantId": "00000000-0000-0000-0000-000000000000",
    "userId": "4e7f547f-a7f2-4088-ba52-4be69879bd7b",
    "userName": "rosalind.murphy",
  },
]
`;

exports[`Users Tests listUsers 13`] = `20`;

exports[`Users Tests listUsers 14`] = `9`;

exports[`Users Tests listUsers 15`] = `3`;

exports[`Users Tests listUsers 16`] = `
Array [
  Object {
    "canBeDeleted": true,
    "email": "miller.prohaska93@gmail.com",
    "needNewPassword": false,
    "tenantId": "00000000-0000-0000-0000-000000000000",
    "userId": "6bb3e443-a60a-494b-8fc2-da89bd6dd9dd",
    "userName": "agnes.leffler71",
  },
  Object {
    "canBeDeleted": true,
    "email": "alicia7@gmail.com",
    "needNewPassword": false,
    "tenantId": "00000000-0000-0000-0000-000000000000",
    "userId": "a42bbbf9-e1d0-40b0-9bcb-eb0231d2ed66",
    "userName": "newton63",
  },
  Object {
    "canBeDeleted": true,
    "email": "saul.wyman@hotmail.com",
    "needNewPassword": false,
    "tenantId": "00000000-0000-0000-0000-000000000000",
    "userId": "9b4959cd-6b03-4a14-8556-4584b0ea7988",
    "userName": "rahul_jacobi",
  },
]
`;

exports[`Users Tests listUsers 17`] = `20`;

exports[`Users Tests listUsers 18`] = `12`;

exports[`Users Tests listUsers 19`] = `3`;

exports[`Users Tests listUsers 20`] = `
Array [
  Object {
    "canBeDeleted": true,
    "email": "delmer_aufderhar@gmail.com",
    "needNewPassword": false,
    "tenantId": "00000000-0000-0000-0000-000000000000",
    "userId": "9bb72ed1-b7ba-4dab-9baa-ca0d3db3ca82",
    "userName": "madeline.schuster45",
  },
  Object {
    "canBeDeleted": true,
    "email": "judah18@gmail.com",
    "needNewPassword": false,
    "tenantId": "00000000-0000-0000-0000-000000000000",
    "userId": "830806ba-ba34-4c0d-9d58-3bbc7ba6ea8b",
    "userName": "kyle34",
  },
  Object {
    "canBeDeleted": true,
    "email": "marcelo18@gmail.com",
    "needNewPassword": false,
    "tenantId": "00000000-0000-0000-0000-000000000000",
    "userId": "88548a60-b10c-4570-ba1b-5de3daf23554",
    "userName": "lula29",
  },
]
`;

exports[`Users Tests listUsers 21`] = `20`;

exports[`Users Tests listUsers 22`] = `15`;

exports[`Users Tests listUsers 23`] = `3`;

exports[`Users Tests listUsers 24`] = `
Array [
  Object {
    "canBeDeleted": true,
    "email": "kelli.lang@gmail.com",
    "needNewPassword": false,
    "tenantId": "00000000-0000-0000-0000-000000000000",
    "userId": "c66054ad-9a4a-4b36-bc10-4eea57400349",
    "userName": "sigrid_walter",
  },
  Object {
    "canBeDeleted": true,
    "email": "alfonso.mertz@gmail.com",
    "needNewPassword": false,
    "tenantId": "00000000-0000-0000-0000-000000000000",
    "userId": "d92b3381-5f80-4034-a239-40829d9cc337",
    "userName": "skye_altenwerth",
  },
  Object {
    "canBeDeleted": true,
    "email": "leonel.hodkiewicz98@gmail.com",
    "needNewPassword": false,
    "tenantId": "00000000-0000-0000-0000-000000000000",
    "userId": "5b38b8f4-4ea8-46b6-b1a4-8d31e52b86e4",
    "userName": "frank_west",
  },
]
`;

exports[`Users Tests listUsers 25`] = `20`;

exports[`Users Tests listUsers 26`] = `18`;

exports[`Users Tests listUsers 27`] = `3`;

exports[`Users Tests listUsers 28`] = `
Array [
  Object {
    "canBeDeleted": true,
    "email": "derick_waters@hotmail.com",
    "needNewPassword": false,
    "tenantId": "00000000-0000-0000-0000-000000000000",
    "userId": "e08dc8c5-2990-4163-82d4-173458bd53c0",
    "userName": "chasity.upton50",
  },
  Object {
    "canBeDeleted": true,
    "email": "thad_reichert25@gmail.com",
    "needNewPassword": false,
    "tenantId": "00000000-0000-0000-0000-000000000000",
    "userId": "1b6843ae-97ee-469d-aae5-644bd98fb343",
    "userName": "delfina66",
  },
]
`;
